// Jest Snapshot v1, https://goo.gl/fbAQLP

exports[`<Footer /> renders the <Footer /> with populated data 1`] = `
<div
  class="sc-bdnxRM dKuCZa"
>
  <p
    class="sc-hKFxyN hpivhr"
  >
    Questions? Contact us.
  </p>
  <p
    class="sc-jSFjdj iFDbDW"
  />
  <div
    class="sc-dlnjwi bihNwJ"
  >
    <div
      class="sc-gtsrHT duFeDV"
    >
      <a
        class="sc-gKAaRy kSbhdw"
        href="#"
      >
        FAQ
      </a>
      <a
        class="sc-gKAaRy kSbhdw"
        href="#"
      >
        Investor Relations
      </a>
      <a
        class="sc-gKAaRy kSbhdw"
        href="#"
      >
        Ways to Watch
      </a>
      <a
        class="sc-gKAaRy kSbhdw"
        href="#"
      >
        Corporate Information
      </a>
      <a
        class="sc-gKAaRy kSbhdw"
        href="#"
      >
        Netflix Originals
      </a>
    </div>
    <div
      class="sc-gtsrHT duFeDV"
    >
      <a
        class="sc-gKAaRy kSbhdw"
        href="#"
      >
        Help Centre
      </a>
      <a
        class="sc-gKAaRy kSbhdw"
        href="#"
      >
        Jobs
      </a>
      <a
        class="sc-gKAaRy kSbhdw"
        href="#"
      >
        Terms of Use
      </a>
      <a
        class="sc-gKAaRy kSbhdw"
        href="#"
      >
        Contact Us
      </a>
    </div>
    <div
      class="sc-gtsrHT duFeDV"
    >
      <a
        class="sc-gKAaRy kSbhdw"
        href="#"
      >
        Account
      </a>
      <a
        class="sc-gKAaRy kSbhdw"
        href="#"
      >
        Redeem gift cards
      </a>
      <a
        class="sc-gKAaRy kSbhdw"
        href="#"
      >
        Privacy
      </a>
      <a
        class="sc-gKAaRy kSbhdw"
        href="#"
      >
        Speed Test
      </a>
    </div>
    <div
      class="sc-gtsrHT duFeDV"
    >
      <a
        class="sc-gKAaRy kSbhdw"
        href="#"
      >
        Media Centre
      </a>
      <a
        class="sc-gKAaRy kSbhdw"
        href="#"
      >
        Buy gift cards
      </a>
      <a
        class="sc-gKAaRy kSbhdw"
        href="#"
      >
        Cookie Preferences
      </a>
      <a
        class="sc-gKAaRy kSbhdw"
        href="#"
      >
        Legal Notices
      </a>
    </div>
  </div>
  <p
    class="sc-jSFjdj iFDbDW"
  />
  <p
    class="sc-eCApnc ktdPsL"
  >
    Netflix United Kingdom
  </p>
</div>
`;
